2026-07-18T19:45:09.561Z launch: Executable doesn't exist at /var/folders/50/mrg0nyv172x1fslkx5tkhhm40000gp/T/cursor-sandbox-cache/a25d260bd74ef267dd6589f9fd76c51e/playwright/chromium_headless_shell-1208/chrome-headless-shell-mac-arm64/chrome-headless-shell
╔═════════════════════════════════════════════════════════════════════════╗
║ Looks like Playwright Test or Playwright was just installed or updated. ║
║ Please run the following command to download new browsers:              ║
║                                                                         ║
║     npx playwright install                                              ║
║                                                                         ║
║ <3 Playwright Team                                                      ║
╚═════════════════════════════════════════════════════════════════════════╝
launch: Executable doesn't exist at /var/folders/50/mrg0nyv172x1fslkx5tkhhm40000gp/T/cursor-sandbox-cache/a25d260bd74ef267dd6589f9fd76c51e/playwright/chromium_headless_shell-1208/chrome-headless-shell-mac-arm64/chrome-headless-shell
╔═════════════════════════════════════════════════════════════════════════╗
║ Looks like Playwright Test or Playwright was just installed or updated. ║
║ Please run the following command to download new browsers:              ║
║                                                                         ║
║     npx playwright install                                              ║
║                                                                         ║
║ <3 Playwright Team                                                      ║
╚═════════════════════════════════════════════════════════════════════════╝
    at launch (/Users/ludwig.wiren/gstack/browse/src/browser-manager.ts:372:35)
    at async start (/Users/ludwig.wiren/gstack/browse/src/server.ts:2974:28)
    at processTicksAndRejections (native:7:39)
